
ΓòöΓòÉΓòÉΓòÉΓòÉΓòÉΓòÉΓòÉΓòÉΓòÉΓòÉΓòÉΓòÉΓòÉΓòÉΓòÉΓòÉΓòÉΓòÉΓòÉΓòÉΓòÉΓòÉΓòÉΓòÉΓòÉΓòÉΓòÉΓòÉΓòÉΓòÉΓòÉΓòÉΓòÉΓòÉΓòÉΓòÉΓòÉΓòÉΓòÉΓòÉΓòÉΓòÉΓòÉΓòÉΓòÉΓòÉΓòÉΓòÉΓòÉΓòÉΓòÉΓòÉΓòÉΓòÉΓòÉΓòÉΓòÉΓòÉΓòÉΓòÉΓòÉΓòÉΓòÉΓòÉΓòÉΓòÉΓòÉΓòÉΓòÉΓòÉΓòÉΓòÉΓòÉΓòÉΓòù
Γòæ     POST-DEPLOYMENT SMOKE TEST SUITE v1.0                               Γòæ
Γòæ     Target: appointmentbooking.co.za                                    Γòæ
ΓòÜΓòÉΓòÉΓòÉΓòÉΓòÉΓòÉΓòÉΓòÉΓòÉΓòÉΓòÉΓòÉΓòÉΓòÉΓòÉΓòÉΓòÉΓòÉΓòÉΓòÉΓòÉΓòÉΓòÉΓòÉΓòÉΓòÉΓòÉΓòÉΓòÉΓòÉΓòÉΓòÉΓòÉΓòÉΓòÉΓòÉΓòÉΓòÉΓòÉΓòÉΓòÉΓòÉΓòÉΓòÉΓòÉΓòÉΓòÉΓòÉΓòÉΓòÉΓòÉΓòÉΓòÉΓòÉΓòÉΓòÉΓòÉΓòÉΓòÉΓòÉΓòÉΓòÉΓòÉΓòÉΓòÉΓòÉΓòÉΓòÉΓòÉΓòÉΓòÉΓòÉΓòÉΓòÉΓò¥
    
[2026-01-12T06:36:13.513Z] ≡ƒº¬ Testing Health Check Endpoints...
[2026-01-12T06:36:16.085Z] ≡ƒƒó Γ£ô GET /api/health
[2026-01-12T06:36:16.159Z] ≡ƒö┤ Γ£ù GET /health (root): Unknown error
[2026-01-12T06:36:16.389Z] ≡ƒƒó Γ£ô GET /api/health/database
[2026-01-12T06:36:16.438Z] ≡ƒƒó Γ£ô GET /api/health/services
[2026-01-12T06:36:16.486Z] ≡ƒö┤ Γ£ù GET /api/health/uptime: Unknown error
[2026-01-12T06:36:16.996Z] ≡ƒº¬ Testing Appointment Management APIs...
[2026-01-12T06:36:17.388Z] ≡ƒö┤ Γ£ù GET /api/availability: Unknown error
[2026-01-12T06:36:17.593Z] ≡ƒƒó Γ£ô GET /api/services
[2026-01-12T06:36:17.824Z] ≡ƒƒó Γ£ô GET /api/staff
[2026-01-12T06:36:18.240Z] ≡ƒƒó Γ£ô POST /api/bookings (creation)
[2026-01-12T06:36:18.459Z] ≡ƒƒó Γ£ô GET /api/bookings (listing)
[2026-01-12T06:36:18.692Z] ≡ƒƒó Γ£ô DELETE /api/bookings (cancellation)
[2026-01-12T06:36:19.205Z] ≡ƒº¬ Testing Authentication Flows...
[2026-01-12T06:36:19.304Z] ≡ƒö┤ Γ£ù POST /api/auth/login: Unknown error
[2026-01-12T06:36:19.406Z] ≡ƒö┤ Γ£ù POST /api/auth/register: Unknown error
[2026-01-12T06:36:19.438Z] ≡ƒö┤ Γ£ù POST /api/auth/password-reset: Unknown error
[2026-01-12T06:36:19.471Z] ≡ƒö┤ Γ£ù POST /api/auth/refresh: Unknown error
[2026-01-12T06:36:19.534Z] ≡ƒö┤ Γ£ù GET /api/user/profile (unauthenticated): Unknown error
[2026-01-12T06:36:20.070Z] ≡ƒº¬ Testing Calendar Integrations...
[2026-01-12T06:36:20.113Z] ≡ƒö┤ Γ£ù GET /api/google-calendar/oauth: Unknown error
[2026-01-12T06:36:20.172Z] ≡ƒö┤ Γ£ù GET /api/google-calendar/status: Unknown error
[2026-01-12T06:36:20.222Z] ≡ƒö┤ Γ£ù GET /api/outlook-calendar/oauth: Unknown error
[2026-01-12T06:36:20.272Z] ≡ƒö┤ Γ£ù GET /api/outlook-calendar/status: Unknown error
[2026-01-12T06:36:20.323Z] ≡ƒö┤ Γ£ù GET /api/calendar/sync-status: Unknown error
[2026-01-12T06:36:20.842Z] ≡ƒº¬ Testing Payment Processing...
[2026-01-12T06:36:20.891Z] ≡ƒö┤ Γ£ù POST /api/payments/create-intent: Unknown error
[2026-01-12T06:36:20.943Z] ≡ƒö┤ Γ£ù POST /api/payments/webhook/stripe: Unknown error
[2026-01-12T06:36:20.993Z] ≡ƒƒó Γ£ô POST /api/payments/refund
[2026-01-12T06:36:21.053Z] ≡ƒö┤ Γ£ù GET /api/payments/methods: Unknown error
[2026-01-12T06:36:21.571Z] ≡ƒº¬ Testing Infrastructure...
[2026-01-12T06:36:21.632Z] ≡ƒƒó Γ£ô SSL Certificate Valid
[2026-01-12T06:36:21.691Z] ≡ƒö┤ Γ£ù Security Headers Present: Unknown error
[2026-01-12T06:36:21.722Z] ≡ƒö┤ Γ£ù CORS Headers Configured: Unknown error
[2026-01-12T06:36:21.776Z] ≡ƒö┤ Γ£ù Response Compression Enabled: Unknown error
[2026-01-12T06:36:22.282Z] ≡ƒº¬ Testing Performance...
[2026-01-12T06:36:22.495Z] ≡ƒƒó Γ£ô API Response Time (< 500ms)
[2026-01-12T06:36:23.043Z] ≡ƒƒó Γ£ô Concurrent Requests (5)
[2026-01-12T06:36:23.120Z] ≡ƒö┤ Γ£ù Frontend Page Load (< 2s): Unknown error
[2026-01-12T06:36:23.638Z] ≡ƒº¬ Testing End-to-End Workflow...
[2026-01-12T06:36:24.023Z] ≡ƒö┤ Γ£ù E2E Workflow: Availability Check: Unknown error

ΓòöΓòÉΓòÉΓòÉΓòÉΓòÉΓòÉΓòÉΓòÉΓòÉΓòÉΓòÉΓòÉΓòÉΓòÉΓòÉΓòÉΓòÉΓòÉΓòÉΓòÉΓòÉΓòÉΓòÉΓòÉΓòÉΓòÉΓòÉΓòÉΓòÉΓòÉΓòÉΓòÉΓòÉΓòÉΓòÉΓòÉΓòÉΓòÉΓòÉΓòÉΓòÉΓòÉΓòÉΓòÉΓòÉΓòÉΓòÉΓòÉΓòÉΓòÉΓòÉΓòÉΓòÉΓòÉΓòÉΓòÉΓòÉΓòÉΓòÉΓòÉΓòÉΓòÉΓòÉΓòÉΓòÉΓòÉΓòÉΓòÉΓòÉΓòÉΓòÉΓòÉΓòÉΓòÉΓòù
Γòæ     POST-DEPLOYMENT SMOKE TEST REPORT - appointmentbooking.co.za        Γòæ
ΓòÜΓòÉΓòÉΓòÉΓòÉΓòÉΓòÉΓòÉΓòÉΓòÉΓòÉΓòÉΓòÉΓòÉΓòÉΓòÉΓòÉΓòÉΓòÉΓòÉΓòÉΓòÉΓòÉΓòÉΓòÉΓòÉΓòÉΓòÉΓòÉΓòÉΓòÉΓòÉΓòÉΓòÉΓòÉΓòÉΓòÉΓòÉΓòÉΓòÉΓòÉΓòÉΓòÉΓòÉΓòÉΓòÉΓòÉΓòÉΓòÉΓòÉΓòÉΓòÉΓòÉΓòÉΓòÉΓòÉΓòÉΓòÉΓòÉΓòÉΓòÉΓòÉΓòÉΓòÉΓòÉΓòÉΓòÉΓòÉΓòÉΓòÉΓòÉΓòÉΓòÉΓòÉΓòÉΓò¥

≡ƒôè EXECUTIVE SUMMARY
ΓöÇΓöÇΓöÇΓöÇΓöÇΓöÇΓöÇΓöÇΓöÇΓöÇΓöÇΓöÇΓöÇΓöÇΓöÇΓöÇΓöÇΓöÇΓöÇΓöÇΓöÇΓöÇΓöÇΓöÇΓöÇΓöÇΓöÇΓöÇΓöÇΓöÇΓöÇΓöÇΓöÇΓöÇΓöÇΓöÇΓöÇΓöÇΓöÇΓöÇΓöÇΓöÇΓöÇΓöÇΓöÇΓöÇΓöÇΓöÇΓöÇΓöÇΓöÇΓöÇΓöÇΓöÇΓöÇΓöÇΓöÇΓöÇΓöÇΓöÇΓöÇΓöÇΓöÇΓöÇΓöÇΓöÇΓöÇΓöÇΓöÇΓöÇΓöÇΓöÇΓöÇΓöÇΓöÇΓöÇΓöÇ
≡ƒòÉ Test Execution: 2026-01-12T06:36:13.511Z
ΓÅ▒∩╕Å Duration: 10.51 seconds
≡ƒôê Total Tests: 33
Γ£à Passed: 12 (36.36%)
Γ¥î Failed: 21
ΓÜá∩╕Å Warnings: 0
Γ¥ù Errors: 0

≡ƒÄ» PASS/FAIL RATE
ΓöÇΓöÇΓöÇΓöÇΓöÇΓöÇΓöÇΓöÇΓöÇΓöÇΓöÇΓöÇΓöÇΓöÇΓöÇΓöÇΓöÇΓöÇΓöÇΓöÇΓöÇΓöÇΓöÇΓöÇΓöÇΓöÇΓöÇΓöÇΓöÇΓöÇΓöÇΓöÇΓöÇΓöÇΓöÇΓöÇΓöÇΓöÇΓöÇΓöÇΓöÇΓöÇΓöÇΓöÇΓöÇΓöÇΓöÇΓöÇΓöÇΓöÇΓöÇΓöÇΓöÇΓöÇΓöÇΓöÇΓöÇΓöÇΓöÇΓöÇΓöÇΓöÇΓöÇΓöÇΓöÇΓöÇΓöÇΓöÇΓöÇΓöÇΓöÇΓöÇΓöÇΓöÇΓöÇΓöÇΓöÇ
ΓûêΓûêΓûêΓûæΓûæΓûæΓûæΓûæΓûæΓûæ 36.36%

≡ƒôï PASSED TESTS (12)
ΓöÇΓöÇΓöÇΓöÇΓöÇΓöÇΓöÇΓöÇΓöÇΓöÇΓöÇΓöÇΓöÇΓöÇΓöÇΓöÇΓöÇΓöÇΓöÇΓöÇΓöÇΓöÇΓöÇΓöÇΓöÇΓöÇΓöÇΓöÇΓöÇΓöÇΓöÇΓöÇΓöÇΓöÇΓöÇΓöÇΓöÇΓöÇΓöÇΓöÇΓöÇΓöÇΓöÇΓöÇΓöÇΓöÇΓöÇΓöÇΓöÇΓöÇΓöÇΓöÇΓöÇΓöÇΓöÇΓöÇΓöÇΓöÇΓöÇΓöÇΓöÇΓöÇΓöÇΓöÇΓöÇΓöÇΓöÇΓöÇΓöÇΓöÇΓöÇΓöÇΓöÇΓöÇΓöÇΓöÇΓöÇ
Γ£ô GET /api/health
Γ£ô GET /api/health/database
Γ£ô GET /api/health/services
Γ£ô GET /api/services
Γ£ô GET /api/staff
Γ£ô POST /api/bookings (creation)
Γ£ô GET /api/bookings (listing)
Γ£ô DELETE /api/bookings (cancellation)
Γ£ô POST /api/payments/refund
Γ£ô SSL Certificate Valid
Γ£ô API Response Time (< 500ms)
Γ£ô Concurrent Requests (5)

≡ƒôï FAILED TESTS (21)
ΓöÇΓöÇΓöÇΓöÇΓöÇΓöÇΓöÇΓöÇΓöÇΓöÇΓöÇΓöÇΓöÇΓöÇΓöÇΓöÇΓöÇΓöÇΓöÇΓöÇΓöÇΓöÇΓöÇΓöÇΓöÇΓöÇΓöÇΓöÇΓöÇΓöÇΓöÇΓöÇΓöÇΓöÇΓöÇΓöÇΓöÇΓöÇΓöÇΓöÇΓöÇΓöÇΓöÇΓöÇΓöÇΓöÇΓöÇΓöÇΓöÇΓöÇΓöÇΓöÇΓöÇΓöÇΓöÇΓöÇΓöÇΓöÇΓöÇΓöÇΓöÇΓöÇΓöÇΓöÇΓöÇΓöÇΓöÇΓöÇΓöÇΓöÇΓöÇΓöÇΓöÇΓöÇΓöÇΓöÇΓöÇ
Γ£ù GET /health (root)
Γ£ù GET /api/health/uptime
Γ£ù GET /api/availability
Γ£ù POST /api/auth/login
Γ£ù POST /api/auth/register
Γ£ù POST /api/auth/password-reset
Γ£ù POST /api/auth/refresh
Γ£ù GET /api/user/profile (unauthenticated)
Γ£ù GET /api/google-calendar/oauth
Γ£ù GET /api/google-calendar/status
Γ£ù GET /api/outlook-calendar/oauth
Γ£ù GET /api/outlook-calendar/status
Γ£ù GET /api/calendar/sync-status
Γ£ù POST /api/payments/create-intent
Γ£ù POST /api/payments/webhook/stripe
Γ£ù GET /api/payments/methods
Γ£ù Security Headers Present
Γ£ù CORS Headers Configured
Γ£ù Response Compression Enabled
Γ£ù Frontend Page Load (< 2s)
Γ£ù E2E Workflow: Availability Check

ΓÜá∩╕Å WARNINGS
ΓöÇΓöÇΓöÇΓöÇΓöÇΓöÇΓöÇΓöÇΓöÇΓöÇΓöÇΓöÇΓöÇΓöÇΓöÇΓöÇΓöÇΓöÇΓöÇΓöÇΓöÇΓöÇΓöÇΓöÇΓöÇΓöÇΓöÇΓöÇΓöÇΓöÇΓöÇΓöÇΓöÇΓöÇΓöÇΓöÇΓöÇΓöÇΓöÇΓöÇΓöÇΓöÇΓöÇΓöÇΓöÇΓöÇΓöÇΓöÇΓöÇΓöÇΓöÇΓöÇΓöÇΓöÇΓöÇΓöÇΓöÇΓöÇΓöÇΓöÇΓöÇΓöÇΓöÇΓöÇΓöÇΓöÇΓöÇΓöÇΓöÇΓöÇΓöÇΓöÇΓöÇΓöÇΓöÇΓöÇΓöÇ
No warnings

Γ¥ù ERRORS
ΓöÇΓöÇΓöÇΓöÇΓöÇΓöÇΓöÇΓöÇΓöÇΓöÇΓöÇΓöÇΓöÇΓöÇΓöÇΓöÇΓöÇΓöÇΓöÇΓöÇΓöÇΓöÇΓöÇΓöÇΓöÇΓöÇΓöÇΓöÇΓöÇΓöÇΓöÇΓöÇΓöÇΓöÇΓöÇΓöÇΓöÇΓöÇΓöÇΓöÇΓöÇΓöÇΓöÇΓöÇΓöÇΓöÇΓöÇΓöÇΓöÇΓöÇΓöÇΓöÇΓöÇΓöÇΓöÇΓöÇΓöÇΓöÇΓöÇΓöÇΓöÇΓöÇΓöÇΓöÇΓöÇΓöÇΓöÇΓöÇΓöÇΓöÇΓöÇΓöÇΓöÇΓöÇΓöÇΓöÇΓöÇ
No errors

≡ƒÅÑ HEALTH CHECK STATUS
ΓöÇΓöÇΓöÇΓöÇΓöÇΓöÇΓöÇΓöÇΓöÇΓöÇΓöÇΓöÇΓöÇΓöÇΓöÇΓöÇΓöÇΓöÇΓöÇΓöÇΓöÇΓöÇΓöÇΓöÇΓöÇΓöÇΓöÇΓöÇΓöÇΓöÇΓöÇΓöÇΓöÇΓöÇΓöÇΓöÇΓöÇΓöÇΓöÇΓöÇΓöÇΓöÇΓöÇΓöÇΓöÇΓöÇΓöÇΓöÇΓöÇΓöÇΓöÇΓöÇΓöÇΓöÇΓöÇΓöÇΓöÇΓöÇΓöÇΓöÇΓöÇΓöÇΓöÇΓöÇΓöÇΓöÇΓöÇΓöÇΓöÇΓöÇΓöÇΓöÇΓöÇΓöÇΓöÇΓöÇΓöÇ
Γ£ô Health endpoints responding

≡ƒöÉ AUTHENTICATION STATUS
ΓöÇΓöÇΓöÇΓöÇΓöÇΓöÇΓöÇΓöÇΓöÇΓöÇΓöÇΓöÇΓöÇΓöÇΓöÇΓöÇΓöÇΓöÇΓöÇΓöÇΓöÇΓöÇΓöÇΓöÇΓöÇΓöÇΓöÇΓöÇΓöÇΓöÇΓöÇΓöÇΓöÇΓöÇΓöÇΓöÇΓöÇΓöÇΓöÇΓöÇΓöÇΓöÇΓöÇΓöÇΓöÇΓöÇΓöÇΓöÇΓöÇΓöÇΓöÇΓöÇΓöÇΓöÇΓöÇΓöÇΓöÇΓöÇΓöÇΓöÇΓöÇΓöÇΓöÇΓöÇΓöÇΓöÇΓöÇΓöÇΓöÇΓöÇΓöÇΓöÇΓöÇΓöÇΓöÇΓöÇΓöÇ
ΓÜá Authentication flows may have issues

≡ƒôà CALENDAR INTEGRATION STATUS
ΓöÇΓöÇΓöÇΓöÇΓöÇΓöÇΓöÇΓöÇΓöÇΓöÇΓöÇΓöÇΓöÇΓöÇΓöÇΓöÇΓöÇΓöÇΓöÇΓöÇΓöÇΓöÇΓöÇΓöÇΓöÇΓöÇΓöÇΓöÇΓöÇΓöÇΓöÇΓöÇΓöÇΓöÇΓöÇΓöÇΓöÇΓöÇΓöÇΓöÇΓöÇΓöÇΓöÇΓöÇΓöÇΓöÇΓöÇΓöÇΓöÇΓöÇΓöÇΓöÇΓöÇΓöÇΓöÇΓöÇΓöÇΓöÇΓöÇΓöÇΓöÇΓöÇΓöÇΓöÇΓöÇΓöÇΓöÇΓöÇΓöÇΓöÇΓöÇΓöÇΓöÇΓöÇΓöÇΓöÇΓöÇ
ΓÜá Calendar integrations may have issues

≡ƒÆ│ PAYMENT PROCESSING STATUS
ΓöÇΓöÇΓöÇΓöÇΓöÇΓöÇΓöÇΓöÇΓöÇΓöÇΓöÇΓöÇΓöÇΓöÇΓöÇΓöÇΓöÇΓöÇΓöÇΓöÇΓöÇΓöÇΓöÇΓöÇΓöÇΓöÇΓöÇΓöÇΓöÇΓöÇΓöÇΓöÇΓöÇΓöÇΓöÇΓöÇΓöÇΓöÇΓöÇΓöÇΓöÇΓöÇΓöÇΓöÇΓöÇΓöÇΓöÇΓöÇΓöÇΓöÇΓöÇΓöÇΓöÇΓöÇΓöÇΓöÇΓöÇΓöÇΓöÇΓöÇΓöÇΓöÇΓöÇΓöÇΓöÇΓöÇΓöÇΓöÇΓöÇΓöÇΓöÇΓöÇΓöÇΓöÇΓöÇΓöÇΓöÇ
Γ£ô Payment processing functional

ΓÜí PERFORMANCE STATUS
ΓöÇΓöÇΓöÇΓöÇΓöÇΓöÇΓöÇΓöÇΓöÇΓöÇΓöÇΓöÇΓöÇΓöÇΓöÇΓöÇΓöÇΓöÇΓöÇΓöÇΓöÇΓöÇΓöÇΓöÇΓöÇΓöÇΓöÇΓöÇΓöÇΓöÇΓöÇΓöÇΓöÇΓöÇΓöÇΓöÇΓöÇΓöÇΓöÇΓöÇΓöÇΓöÇΓöÇΓöÇΓöÇΓöÇΓöÇΓöÇΓöÇΓöÇΓöÇΓöÇΓöÇΓöÇΓöÇΓöÇΓöÇΓöÇΓöÇΓöÇΓöÇΓöÇΓöÇΓöÇΓöÇΓöÇΓöÇΓöÇΓöÇΓöÇΓöÇΓöÇΓöÇΓöÇΓöÇΓöÇΓöÇ
Γ£ô Performance metrics acceptable

ΓòöΓòÉΓòÉΓòÉΓòÉΓòÉΓòÉΓòÉΓòÉΓòÉΓòÉΓòÉΓòÉΓòÉΓòÉΓòÉΓòÉΓòÉΓòÉΓòÉΓòÉΓòÉΓòÉΓòÉΓòÉΓòÉΓòÉΓòÉΓòÉΓòÉΓòÉΓòÉΓòÉΓòÉΓòÉΓòÉΓòÉΓòÉΓòÉΓòÉΓòÉΓòÉΓòÉΓòÉΓòÉΓòÉΓòÉΓòÉΓòÉΓòÉΓòÉΓòÉΓòÉΓòÉΓòÉΓòÉΓòÉΓòÉΓòÉΓòÉΓòÉΓòÉΓòÉΓòÉΓòÉΓòÉΓòÉΓòÉΓòÉΓòÉΓòÉΓòÉΓòÉΓòÉΓòÉΓòù
Γòæ  DEPLOYMENT STATUS: ΓÜá∩╕Å ISSUES DETECTED - REVIEW REQUIRED  Γòæ
ΓòÜΓòÉΓòÉΓòÉΓòÉΓòÉΓòÉΓòÉΓòÉΓòÉΓòÉΓòÉΓòÉΓòÉΓòÉΓòÉΓòÉΓòÉΓòÉΓòÉΓòÉΓòÉΓòÉΓòÉΓòÉΓòÉΓòÉΓòÉΓòÉΓòÉΓòÉΓòÉΓòÉΓòÉΓòÉΓòÉΓòÉΓòÉΓòÉΓòÉΓòÉΓòÉΓòÉΓòÉΓòÉΓòÉΓòÉΓòÉΓòÉΓòÉΓòÉΓòÉΓòÉΓòÉΓòÉΓòÉΓòÉΓòÉΓòÉΓòÉΓòÉΓòÉΓòÉΓòÉΓòÉΓòÉΓòÉΓòÉΓòÉΓòÉΓòÉΓòÉΓòÉΓòÉΓòÉΓò¥

[2026-01-12T06:36:24.050Z] ≡ƒö╡ Report saved to: C:\Users\Adrin\Documents\MyProjects\appointmentbooking-monorepo\reports\smoke-test-report-2026-01-12.txt
[2026-01-12T06:36:24.057Z] ≡ƒö╡ JSON report saved to: C:\Users\Adrin\Documents\MyProjects\appointmentbooking-monorepo\reports\smoke-test-report-2026-01-12.json
[2026-01-12T06:36:24.058Z] ≡ƒö╡ Smoke tests completed with exit code: 1
