
ΓòöΓòÉΓòÉΓòÉΓòÉΓòÉΓòÉΓòÉΓòÉΓòÉΓòÉΓòÉΓòÉΓòÉΓòÉΓòÉΓòÉΓòÉΓòÉΓòÉΓòÉΓòÉΓòÉΓòÉΓòÉΓòÉΓòÉΓòÉΓòÉΓòÉΓòÉΓòÉΓòÉΓòÉΓòÉΓòÉΓòÉΓòÉΓòÉΓòÉΓòÉΓòÉΓòÉΓòÉΓòÉΓòÉΓòÉΓòÉΓòÉΓòÉΓòÉΓòÉΓòÉΓòÉΓòÉΓòÉΓòÉΓòÉΓòÉΓòÉΓòÉΓòÉΓòÉΓòÉΓòÉΓòÉΓòÉΓòÉΓòÉΓòÉΓòÉΓòÉΓòÉΓòÉΓòÉΓòù
Γòæ     POST-DEPLOYMENT SMOKE TEST SUITE v1.0                               Γòæ
Γòæ     Target: appointmentbooking.co.za                                    Γòæ
ΓòÜΓòÉΓòÉΓòÉΓòÉΓòÉΓòÉΓòÉΓòÉΓòÉΓòÉΓòÉΓòÉΓòÉΓòÉΓòÉΓòÉΓòÉΓòÉΓòÉΓòÉΓòÉΓòÉΓòÉΓòÉΓòÉΓòÉΓòÉΓòÉΓòÉΓòÉΓòÉΓòÉΓòÉΓòÉΓòÉΓòÉΓòÉΓòÉΓòÉΓòÉΓòÉΓòÉΓòÉΓòÉΓòÉΓòÉΓòÉΓòÉΓòÉΓòÉΓòÉΓòÉΓòÉΓòÉΓòÉΓòÉΓòÉΓòÉΓòÉΓòÉΓòÉΓòÉΓòÉΓòÉΓòÉΓòÉΓòÉΓòÉΓòÉΓòÉΓòÉΓòÉΓòÉΓòÉΓò¥
    
[2026-01-12T07:24:05.733Z] ≡ƒº¬ Testing Health Check Endpoints...
[2026-01-12T07:24:06.681Z] ≡ƒƒó Γ£ô GET /api/health
[2026-01-12T07:24:06.746Z] ≡ƒö┤ Γ£ù GET /health (root): Unknown error
[2026-01-12T07:24:06.975Z] ≡ƒƒó Γ£ô GET /api/health/database
[2026-01-12T07:24:07.025Z] ≡ƒƒó Γ£ô GET /api/health/services
[2026-01-12T07:24:07.063Z] ≡ƒö┤ Γ£ù GET /api/health/uptime: Unknown error
[2026-01-12T07:24:07.574Z] ≡ƒº¬ Testing Appointment Management APIs...
[2026-01-12T07:24:07.944Z] ≡ƒö┤ Γ£ù GET /api/availability: Unknown error
[2026-01-12T07:24:08.160Z] ≡ƒƒó Γ£ô GET /api/services
[2026-01-12T07:24:08.367Z] ≡ƒƒó Γ£ô GET /api/staff
[2026-01-12T07:24:08.766Z] ≡ƒƒó Γ£ô POST /api/bookings (creation)
[2026-01-12T07:24:08.974Z] ≡ƒƒó Γ£ô GET /api/bookings (listing)
[2026-01-12T07:24:09.201Z] ≡ƒƒó Γ£ô DELETE /api/bookings (cancellation)
[2026-01-12T07:24:09.707Z] ≡ƒº¬ Testing Authentication Flows...
[2026-01-12T07:24:09.811Z] ≡ƒö┤ Γ£ù POST /api/auth/login: Unknown error
[2026-01-12T07:24:09.910Z] ≡ƒö┤ Γ£ù POST /api/auth/register: Unknown error
[2026-01-12T07:24:09.941Z] ≡ƒö┤ Γ£ù POST /api/auth/password-reset: Unknown error
[2026-01-12T07:24:09.970Z] ≡ƒö┤ Γ£ù POST /api/auth/refresh: Unknown error
[2026-01-12T07:24:10.011Z] ≡ƒö┤ Γ£ù GET /api/user/profile (unauthenticated): Unknown error
[2026-01-12T07:24:10.519Z] ≡ƒº¬ Testing Calendar Integrations...
[2026-01-12T07:24:10.560Z] ≡ƒö┤ Γ£ù GET /api/google-calendar/oauth: Unknown error
[2026-01-12T07:24:10.599Z] ≡ƒö┤ Γ£ù GET /api/google-calendar/status: Unknown error
[2026-01-12T07:24:10.649Z] ≡ƒö┤ Γ£ù GET /api/outlook-calendar/oauth: Unknown error
[2026-01-12T07:24:10.712Z] ≡ƒö┤ Γ£ù GET /api/outlook-calendar/status: Unknown error
[2026-01-12T07:24:10.760Z] ≡ƒö┤ Γ£ù GET /api/calendar/sync-status: Unknown error
[2026-01-12T07:24:11.282Z] ≡ƒº¬ Testing Payment Processing...
[2026-01-12T07:24:11.337Z] ≡ƒö┤ Γ£ù POST /api/payments/create-intent: Unknown error
[2026-01-12T07:24:11.390Z] ≡ƒö┤ Γ£ù POST /api/payments/webhook/stripe: Unknown error
[2026-01-12T07:24:11.429Z] ≡ƒƒó Γ£ô POST /api/payments/refund
[2026-01-12T07:24:11.492Z] ≡ƒö┤ Γ£ù GET /api/payments/methods: Unknown error
[2026-01-12T07:24:12.004Z] ≡ƒº¬ Testing Infrastructure...
[2026-01-12T07:24:12.051Z] ≡ƒƒó Γ£ô SSL Certificate Valid
[2026-01-12T07:24:12.101Z] ≡ƒö┤ Γ£ù Security Headers Present: Unknown error
[2026-01-12T07:24:12.131Z] ≡ƒö┤ Γ£ù CORS Headers Configured: Unknown error
[2026-01-12T07:24:12.171Z] ≡ƒö┤ Γ£ù Response Compression Enabled: Unknown error
[2026-01-12T07:24:12.684Z] ≡ƒº¬ Testing Performance...
[2026-01-12T07:24:12.894Z] ≡ƒƒó Γ£ô API Response Time (< 500ms)
[2026-01-12T07:24:13.307Z] ≡ƒƒó Γ£ô Concurrent Requests (5)
[2026-01-12T07:24:13.378Z] ≡ƒö┤ Γ£ù Frontend Page Load (< 2s): Unknown error
[2026-01-12T07:24:13.889Z] ≡ƒº¬ Testing End-to-End Workflow...
[2026-01-12T07:24:14.267Z] ≡ƒö┤ Γ£ù E2E Workflow: Availability Check: Unknown error

ΓòöΓòÉΓòÉΓòÉΓòÉΓòÉΓòÉΓòÉΓòÉΓòÉΓòÉΓòÉΓòÉΓòÉΓòÉΓòÉΓòÉΓòÉΓòÉΓòÉΓòÉΓòÉΓòÉΓòÉΓòÉΓòÉΓòÉΓòÉΓòÉΓòÉΓòÉΓòÉΓòÉΓòÉΓòÉΓòÉΓòÉΓòÉΓòÉΓòÉΓòÉΓòÉΓòÉΓòÉΓòÉΓòÉΓòÉΓòÉΓòÉΓòÉΓòÉΓòÉΓòÉΓòÉΓòÉΓòÉΓòÉΓòÉΓòÉΓòÉΓòÉΓòÉΓòÉΓòÉΓòÉΓòÉΓòÉΓòÉΓòÉΓòÉΓòÉΓòÉΓòÉΓòÉΓòÉΓòù
Γòæ     POST-DEPLOYMENT SMOKE TEST REPORT - appointmentbooking.co.za        Γòæ
ΓòÜΓòÉΓòÉΓòÉΓòÉΓòÉΓòÉΓòÉΓòÉΓòÉΓòÉΓòÉΓòÉΓòÉΓòÉΓòÉΓòÉΓòÉΓòÉΓòÉΓòÉΓòÉΓòÉΓòÉΓòÉΓòÉΓòÉΓòÉΓòÉΓòÉΓòÉΓòÉΓòÉΓòÉΓòÉΓòÉΓòÉΓòÉΓòÉΓòÉΓòÉΓòÉΓòÉΓòÉΓòÉΓòÉΓòÉΓòÉΓòÉΓòÉΓòÉΓòÉΓòÉΓòÉΓòÉΓòÉΓòÉΓòÉΓòÉΓòÉΓòÉΓòÉΓòÉΓòÉΓòÉΓòÉΓòÉΓòÉΓòÉΓòÉΓòÉΓòÉΓòÉΓòÉΓòÉΓò¥

≡ƒôè EXECUTIVE SUMMARY
ΓöÇΓöÇΓöÇΓöÇΓöÇΓöÇΓöÇΓöÇΓöÇΓöÇΓöÇΓöÇΓöÇΓöÇΓöÇΓöÇΓöÇΓöÇΓöÇΓöÇΓöÇΓöÇΓöÇΓöÇΓöÇΓöÇΓöÇΓöÇΓöÇΓöÇΓöÇΓöÇΓöÇΓöÇΓöÇΓöÇΓöÇΓöÇΓöÇΓöÇΓöÇΓöÇΓöÇΓöÇΓöÇΓöÇΓöÇΓöÇΓöÇΓöÇΓöÇΓöÇΓöÇΓöÇΓöÇΓöÇΓöÇΓöÇΓöÇΓöÇΓöÇΓöÇΓöÇΓöÇΓöÇΓöÇΓöÇΓöÇΓöÇΓöÇΓöÇΓöÇΓöÇΓöÇΓöÇΓöÇΓöÇ
≡ƒòÉ Test Execution: 2026-01-12T07:24:05.732Z
ΓÅ▒∩╕Å Duration: 8.54 seconds
≡ƒôê Total Tests: 33
Γ£à Passed: 12 (36.36%)
Γ¥î Failed: 21
ΓÜá∩╕Å Warnings: 0
Γ¥ù Errors: 0

≡ƒÄ» PASS/FAIL RATE
ΓöÇΓöÇΓöÇΓöÇΓöÇΓöÇΓöÇΓöÇΓöÇΓöÇΓöÇΓöÇΓöÇΓöÇΓöÇΓöÇΓöÇΓöÇΓöÇΓöÇΓöÇΓöÇΓöÇΓöÇΓöÇΓöÇΓöÇΓöÇΓöÇΓöÇΓöÇΓöÇΓöÇΓöÇΓöÇΓöÇΓöÇΓöÇΓöÇΓöÇΓöÇΓöÇΓöÇΓöÇΓöÇΓöÇΓöÇΓöÇΓöÇΓöÇΓöÇΓöÇΓöÇΓöÇΓöÇΓöÇΓöÇΓöÇΓöÇΓöÇΓöÇΓöÇΓöÇΓöÇΓöÇΓöÇΓöÇΓöÇΓöÇΓöÇΓöÇΓöÇΓöÇΓöÇΓöÇΓöÇΓöÇ
ΓûêΓûêΓûêΓûæΓûæΓûæΓûæΓûæΓûæΓûæ 36.36%

≡ƒôï PASSED TESTS (12)
ΓöÇΓöÇΓöÇΓöÇΓöÇΓöÇΓöÇΓöÇΓöÇΓöÇΓöÇΓöÇΓöÇΓöÇΓöÇΓöÇΓöÇΓöÇΓöÇΓöÇΓöÇΓöÇΓöÇΓöÇΓöÇΓöÇΓöÇΓöÇΓöÇΓöÇΓöÇΓöÇΓöÇΓöÇΓöÇΓöÇΓöÇΓöÇΓöÇΓöÇΓöÇΓöÇΓöÇΓöÇΓöÇΓöÇΓöÇΓöÇΓöÇΓöÇΓöÇΓöÇΓöÇΓöÇΓöÇΓöÇΓöÇΓöÇΓöÇΓöÇΓöÇΓöÇΓöÇΓöÇΓöÇΓöÇΓöÇΓöÇΓöÇΓöÇΓöÇΓöÇΓöÇΓöÇΓöÇΓöÇΓöÇ
Γ£ô GET /api/health
Γ£ô GET /api/health/database
Γ£ô GET /api/health/services
Γ£ô GET /api/services
Γ£ô GET /api/staff
Γ£ô POST /api/bookings (creation)
Γ£ô GET /api/bookings (listing)
Γ£ô DELETE /api/bookings (cancellation)
Γ£ô POST /api/payments/refund
Γ£ô SSL Certificate Valid
Γ£ô API Response Time (< 500ms)
Γ£ô Concurrent Requests (5)

≡ƒôï FAILED TESTS (21)
ΓöÇΓöÇΓöÇΓöÇΓöÇΓöÇΓöÇΓöÇΓöÇΓöÇΓöÇΓöÇΓöÇΓöÇΓöÇΓöÇΓöÇΓöÇΓöÇΓöÇΓöÇΓöÇΓöÇΓöÇΓöÇΓöÇΓöÇΓöÇΓöÇΓöÇΓöÇΓöÇΓöÇΓöÇΓöÇΓöÇΓöÇΓöÇΓöÇΓöÇΓöÇΓöÇΓöÇΓöÇΓöÇΓöÇΓöÇΓöÇΓöÇΓöÇΓöÇΓöÇΓöÇΓöÇΓöÇΓöÇΓöÇΓöÇΓöÇΓöÇΓöÇΓöÇΓöÇΓöÇΓöÇΓöÇΓöÇΓöÇΓöÇΓöÇΓöÇΓöÇΓöÇΓöÇΓöÇΓöÇΓöÇ
Γ£ù GET /health (root)
Γ£ù GET /api/health/uptime
Γ£ù GET /api/availability
Γ£ù POST /api/auth/login
Γ£ù POST /api/auth/register
Γ£ù POST /api/auth/password-reset
Γ£ù POST /api/auth/refresh
Γ£ù GET /api/user/profile (unauthenticated)
Γ£ù GET /api/google-calendar/oauth
Γ£ù GET /api/google-calendar/status
Γ£ù GET /api/outlook-calendar/oauth
Γ£ù GET /api/outlook-calendar/status
Γ£ù GET /api/calendar/sync-status
Γ£ù POST /api/payments/create-intent
Γ£ù POST /api/payments/webhook/stripe
Γ£ù GET /api/payments/methods
Γ£ù Security Headers Present
Γ£ù CORS Headers Configured
Γ£ù Response Compression Enabled
Γ£ù Frontend Page Load (< 2s)
Γ£ù E2E Workflow: Availability Check

ΓÜá∩╕Å WARNINGS
ΓöÇΓöÇΓöÇΓöÇΓöÇΓöÇΓöÇΓöÇΓöÇΓöÇΓöÇΓöÇΓöÇΓöÇΓöÇΓöÇΓöÇΓöÇΓöÇΓöÇΓöÇΓöÇΓöÇΓöÇΓöÇΓöÇΓöÇΓöÇΓöÇΓöÇΓöÇΓöÇΓöÇΓöÇΓöÇΓöÇΓöÇΓöÇΓöÇΓöÇΓöÇΓöÇΓöÇΓöÇΓöÇΓöÇΓöÇΓöÇΓöÇΓöÇΓöÇΓöÇΓöÇΓöÇΓöÇΓöÇΓöÇΓöÇΓöÇΓöÇΓöÇΓöÇΓöÇΓöÇΓöÇΓöÇΓöÇΓöÇΓöÇΓöÇΓöÇΓöÇΓöÇΓöÇΓöÇΓöÇΓöÇ
No warnings

Γ¥ù ERRORS
ΓöÇΓöÇΓöÇΓöÇΓöÇΓöÇΓöÇΓöÇΓöÇΓöÇΓöÇΓöÇΓöÇΓöÇΓöÇΓöÇΓöÇΓöÇΓöÇΓöÇΓöÇΓöÇΓöÇΓöÇΓöÇΓöÇΓöÇΓöÇΓöÇΓöÇΓöÇΓöÇΓöÇΓöÇΓöÇΓöÇΓöÇΓöÇΓöÇΓöÇΓöÇΓöÇΓöÇΓöÇΓöÇΓöÇΓöÇΓöÇΓöÇΓöÇΓöÇΓöÇΓöÇΓöÇΓöÇΓöÇΓöÇΓöÇΓöÇΓöÇΓöÇΓöÇΓöÇΓöÇΓöÇΓöÇΓöÇΓöÇΓöÇΓöÇΓöÇΓöÇΓöÇΓöÇΓöÇΓöÇΓöÇ
No errors

≡ƒÅÑ HEALTH CHECK STATUS
ΓöÇΓöÇΓöÇΓöÇΓöÇΓöÇΓöÇΓöÇΓöÇΓöÇΓöÇΓöÇΓöÇΓöÇΓöÇΓöÇΓöÇΓöÇΓöÇΓöÇΓöÇΓöÇΓöÇΓöÇΓöÇΓöÇΓöÇΓöÇΓöÇΓöÇΓöÇΓöÇΓöÇΓöÇΓöÇΓöÇΓöÇΓöÇΓöÇΓöÇΓöÇΓöÇΓöÇΓöÇΓöÇΓöÇΓöÇΓöÇΓöÇΓöÇΓöÇΓöÇΓöÇΓöÇΓöÇΓöÇΓöÇΓöÇΓöÇΓöÇΓöÇΓöÇΓöÇΓöÇΓöÇΓöÇΓöÇΓöÇΓöÇΓöÇΓöÇΓöÇΓöÇΓöÇΓöÇΓöÇΓöÇ
Γ£ô Health endpoints responding

≡ƒöÉ AUTHENTICATION STATUS
ΓöÇΓöÇΓöÇΓöÇΓöÇΓöÇΓöÇΓöÇΓöÇΓöÇΓöÇΓöÇΓöÇΓöÇΓöÇΓöÇΓöÇΓöÇΓöÇΓöÇΓöÇΓöÇΓöÇΓöÇΓöÇΓöÇΓöÇΓöÇΓöÇΓöÇΓöÇΓöÇΓöÇΓöÇΓöÇΓöÇΓöÇΓöÇΓöÇΓöÇΓöÇΓöÇΓöÇΓöÇΓöÇΓöÇΓöÇΓöÇΓöÇΓöÇΓöÇΓöÇΓöÇΓöÇΓöÇΓöÇΓöÇΓöÇΓöÇΓöÇΓöÇΓöÇΓöÇΓöÇΓöÇΓöÇΓöÇΓöÇΓöÇΓöÇΓöÇΓöÇΓöÇΓöÇΓöÇΓöÇΓöÇ
ΓÜá Authentication flows may have issues

≡ƒôà CALENDAR INTEGRATION STATUS
ΓöÇΓöÇΓöÇΓöÇΓöÇΓöÇΓöÇΓöÇΓöÇΓöÇΓöÇΓöÇΓöÇΓöÇΓöÇΓöÇΓöÇΓöÇΓöÇΓöÇΓöÇΓöÇΓöÇΓöÇΓöÇΓöÇΓöÇΓöÇΓöÇΓöÇΓöÇΓöÇΓöÇΓöÇΓöÇΓöÇΓöÇΓöÇΓöÇΓöÇΓöÇΓöÇΓöÇΓöÇΓöÇΓöÇΓöÇΓöÇΓöÇΓöÇΓöÇΓöÇΓöÇΓöÇΓöÇΓöÇΓöÇΓöÇΓöÇΓöÇΓöÇΓöÇΓöÇΓöÇΓöÇΓöÇΓöÇΓöÇΓöÇΓöÇΓöÇΓöÇΓöÇΓöÇΓöÇΓöÇΓöÇ
ΓÜá Calendar integrations may have issues

≡ƒÆ│ PAYMENT PROCESSING STATUS
ΓöÇΓöÇΓöÇΓöÇΓöÇΓöÇΓöÇΓöÇΓöÇΓöÇΓöÇΓöÇΓöÇΓöÇΓöÇΓöÇΓöÇΓöÇΓöÇΓöÇΓöÇΓöÇΓöÇΓöÇΓöÇΓöÇΓöÇΓöÇΓöÇΓöÇΓöÇΓöÇΓöÇΓöÇΓöÇΓöÇΓöÇΓöÇΓöÇΓöÇΓöÇΓöÇΓöÇΓöÇΓöÇΓöÇΓöÇΓöÇΓöÇΓöÇΓöÇΓöÇΓöÇΓöÇΓöÇΓöÇΓöÇΓöÇΓöÇΓöÇΓöÇΓöÇΓöÇΓöÇΓöÇΓöÇΓöÇΓöÇΓöÇΓöÇΓöÇΓöÇΓöÇΓöÇΓöÇΓöÇΓöÇ
Γ£ô Payment processing functional

ΓÜí PERFORMANCE STATUS
ΓöÇΓöÇΓöÇΓöÇΓöÇΓöÇΓöÇΓöÇΓöÇΓöÇΓöÇΓöÇΓöÇΓöÇΓöÇΓöÇΓöÇΓöÇΓöÇΓöÇΓöÇΓöÇΓöÇΓöÇΓöÇΓöÇΓöÇΓöÇΓöÇΓöÇΓöÇΓöÇΓöÇΓöÇΓöÇΓöÇΓöÇΓöÇΓöÇΓöÇΓöÇΓöÇΓöÇΓöÇΓöÇΓöÇΓöÇΓöÇΓöÇΓöÇΓöÇΓöÇΓöÇΓöÇΓöÇΓöÇΓöÇΓöÇΓöÇΓöÇΓöÇΓöÇΓöÇΓöÇΓöÇΓöÇΓöÇΓöÇΓöÇΓöÇΓöÇΓöÇΓöÇΓöÇΓöÇΓöÇΓöÇ
Γ£ô Performance metrics acceptable

ΓòöΓòÉΓòÉΓòÉΓòÉΓòÉΓòÉΓòÉΓòÉΓòÉΓòÉΓòÉΓòÉΓòÉΓòÉΓòÉΓòÉΓòÉΓòÉΓòÉΓòÉΓòÉΓòÉΓòÉΓòÉΓòÉΓòÉΓòÉΓòÉΓòÉΓòÉΓòÉΓòÉΓòÉΓòÉΓòÉΓòÉΓòÉΓòÉΓòÉΓòÉΓòÉΓòÉΓòÉΓòÉΓòÉΓòÉΓòÉΓòÉΓòÉΓòÉΓòÉΓòÉΓòÉΓòÉΓòÉΓòÉΓòÉΓòÉΓòÉΓòÉΓòÉΓòÉΓòÉΓòÉΓòÉΓòÉΓòÉΓòÉΓòÉΓòÉΓòÉΓòÉΓòÉΓòÉΓòù
Γòæ  DEPLOYMENT STATUS: ΓÜá∩╕Å ISSUES DETECTED - REVIEW REQUIRED  Γòæ
ΓòÜΓòÉΓòÉΓòÉΓòÉΓòÉΓòÉΓòÉΓòÉΓòÉΓòÉΓòÉΓòÉΓòÉΓòÉΓòÉΓòÉΓòÉΓòÉΓòÉΓòÉΓòÉΓòÉΓòÉΓòÉΓòÉΓòÉΓòÉΓòÉΓòÉΓòÉΓòÉΓòÉΓòÉΓòÉΓòÉΓòÉΓòÉΓòÉΓòÉΓòÉΓòÉΓòÉΓòÉΓòÉΓòÉΓòÉΓòÉΓòÉΓòÉΓòÉΓòÉΓòÉΓòÉΓòÉΓòÉΓòÉΓòÉΓòÉΓòÉΓòÉΓòÉΓòÉΓòÉΓòÉΓòÉΓòÉΓòÉΓòÉΓòÉΓòÉΓòÉΓòÉΓòÉΓòÉΓò¥

[2026-01-12T07:24:14.282Z] ≡ƒö╡ Report saved to: C:\Users\Adrin\Documents\MyProjects\appointmentbooking-monorepo\reports\smoke-test-report-2026-01-12.txt
[2026-01-12T07:24:14.289Z] ≡ƒö╡ JSON report saved to: C:\Users\Adrin\Documents\MyProjects\appointmentbooking-monorepo\reports\smoke-test-report-2026-01-12.json
[2026-01-12T07:24:14.290Z] ≡ƒö╡ Smoke tests completed with exit code: 1
